// Jest Snapshot v1, https://goo.gl/fbAQLP

exports[`NoConflictPathStrategy should protect against relative ".." hacks 1`] = `"Artifact path (../artifact) should not be outside of the --artifacts-location root"`;

exports[`NoConflictPathStrategy should protect against relative ".." hacks 2`] = `"Autogenerated artifact directory (../test) should not be outside of the --artifacts-location root"`;

exports[`NoConflictPathStrategy should protect against relative ".." hacks 3`] = `"Autogenerated artifact directory (../test) should not be outside of the --artifacts-location root"`;
